// Jest Snapshot v1, https://goo.gl/fbAQLP

exports[`FilmCard component FilmCard component shows correctly 1`] = `
<article
  className={undefined}
>
  <div
    className={undefined}
  >
    <img
      alt="Title"
      src="https://image.tmdb.org/t/p/w500//somepath.jpg"
    />
  </div>
  <h1>
    <Link
      to="/film/Title/1"
    >
      Title
    </Link>
     
    <span>
      100500
    </span>
  </h1>
</article>
`;
